// Jest Snapshot v1, https://goo.gl/fbAQLP

exports[`Loader Defaults 1`] = `"module.exports = __webpack_public_path__ + \\"9baf1f9461ece62ac1a2ae67730b00c8.bundle\\";"`;
